// Jest Snapshot v1, https://goo.gl/fbAQLP

exports[`Renders the headers 1`] = `
<DocumentFragment>
  <div
    class="text-center mb-4"
  >
    <h1
      data-testid="header"
    >
      Todo List
    </h1>
  </div>
</DocumentFragment>
`;

exports[`renders the headers 1`] = `
<DocumentFragment>
  <div
    class="text-center mb-4"
  >
    <h1
      data-testid="header"
    >
      Todo List
    </h1>
  </div>
</DocumentFragment>
`;
