// Jest Snapshot v1, https://goo.gl/fbAQLP

exports[`it submits  1`] = `[Function]`;

exports[`submits  1`] = `[Function]`;
